\BOOKMARK [0][-]{chapter*.1}{\376\377\004\023\004\073\000.\000\040\0001\000-\0006\000\040\000+\000\040\0001\0000\000\040\004\077\004\076\004\072\004\100\004\113\004\062\004\116\004\102\000\040\004\072\004\103\004\100\004\101\000\040\004\024\000.\004\050\004\102\004\103\004\072\004\065\004\075\004\061\004\065\004\100\004\063\004\060\000\040\000"\004\034\004\060\004\102\004\065\004\074\004\060\004\102\004\070\004\107\004\065\004\101\004\072\004\060\004\117\000\040\004\073\004\076\004\063\004\070\004\072\004\060\000"}{}% 1
\BOOKMARK [0][-]{chapter.1}{\376\377\004\030\004\101\004\107\004\070\004\101\004\073\004\065\004\075\004\070\004\065\000\040\004\062\004\113\004\101\004\072\004\060\004\067\004\113\004\062\004\060\004\075\004\070\004\071}{}% 2
\BOOKMARK [1][-]{section.1.1}{\376\377\004\033\004\076\004\063\004\070\004\072\004\060}{chapter.1}% 3
\BOOKMARK [2][-]{subsection.1.1.1}{\376\377\004\033\004\076\004\063\004\070\004\107\004\065\004\101\004\072\004\060\004\117\000\040\004\101\004\070\004\101\004\102\004\065\004\074\004\060\000\040\004\070\000\040\004\033\004\076\004\063\004\070\004\072\004\060\000\040\004\062\004\113\004\101\004\072\004\060\004\067\004\113\004\062\004\060\004\075\004\070\004\071}{section.1.1}% 4
\BOOKMARK [2][-]{subsection.1.1.2}{\376\377\004\037\004\100\004\060\004\062\004\070\004\073\004\060\000\040\004\062\004\113\004\062\004\076\004\064\004\060}{section.1.1}% 5
\BOOKMARK [2][-]{subsection.1.1.3}{\376\377\004\030\004\101\004\107\004\070\004\101\004\073\004\065\004\075\004\070\004\065\000\040\004\062\004\113\004\101\004\072\004\060\004\067\004\113\004\062\004\060\004\075\004\070\004\071}{section.1.1}% 6
\BOOKMARK [1][-]{section.1.2}{\376\377\004\032\004\073\004\060\004\101\004\101\004\070\004\107\004\065\004\101\004\072\004\076\004\065\000\040\004\070\004\101\004\107\004\070\004\101\004\073\004\065\004\075\004\070\004\065\000\040\004\062\004\113\004\101\004\072\004\060\004\067\004\113\004\062\004\060\004\075\004\070\004\071}{chapter.1}% 7
\BOOKMARK [2][-]{subsection.1.2.1}{\376\377\004\041\004\065\004\074\004\060\004\075\004\102\004\070\004\072\004\060\000\040\004\073\004\076\004\063\004\070\004\072\004\070\000\040\004\062\004\113\004\101\004\072\004\060\004\067\004\113\004\062\004\060\004\075\004\070\004\071}{section.1.2}% 8
\BOOKMARK [2][-]{subsection.1.2.2}{\376\377\004\034\004\076\004\064\004\065\004\073\004\114\000\040\004\074\004\075\004\076\004\066\004\065\004\101\004\102\004\062\004\060\000\040\004\062\004\113\004\101\004\072\004\060\004\067\004\113\004\062\004\060\004\075\004\070\004\071}{section.1.2}% 9
\BOOKMARK [2][-]{subsection.1.2.3}{\376\377\004\022\004\113\004\077\004\076\004\073\004\075\004\070\004\074\004\076\004\101\004\102\004\114\000\040\004\070\000\040\004\076\004\061\004\111\004\065\004\067\004\075\004\060\004\107\004\070\004\074\004\076\004\101\004\102\004\114}{section.1.2}% 10
\BOOKMARK [2][-]{subsection.1.2.4}{\376\377\004\020\004\072\004\101\004\070\004\076\004\074\004\060\004\102\004\070\004\072\004\060\000\040\004\032\004\030\004\022}{section.1.2}% 11
\BOOKMARK [2][-]{subsection.1.2.5}{\376\377\004\041\004\065\004\074\004\060\004\075\004\102\004\070\004\107\004\065\004\101\004\072\004\070\004\065\000\040\004\070\000\040\004\101\004\070\004\075\004\102\004\060\004\072\004\101\004\070\004\107\004\065\004\101\004\072\004\070\004\065\000\040\004\101\004\062\004\076\004\071\004\101\004\102\004\062\004\060\000\040\004\032\004\030\004\022}{section.1.2}% 12
\BOOKMARK [2][-]{subsection.1.2.6}{\376\377\004\036\004\101\004\075\004\076\004\062\004\075\004\113\004\065\000\040\004\067\004\060\004\072\004\076\004\075\004\113\000\040\004\072\004\073\004\060\004\101\004\101\004\070\004\107\004\065\004\101\004\072\004\076\004\071\000\040\004\073\004\076\004\063\004\070\004\072\004\070}{section.1.2}% 13
\BOOKMARK [2][-]{subsection.1.2.7}{\376\377\004\042\004\065\004\076\004\100\004\065\004\074\004\060\000\040\004\076\000\040\004\064\004\065\004\064\004\103\004\072\004\106\004\070\004\070}{section.1.2}% 14
\BOOKMARK [1][-]{section.1.3}{\376\377\004\030\004\075\004\102\004\103\004\070\004\106\004\070\004\076\004\075\004\070\004\101\004\102\004\101\004\072\004\076\004\065\000\040\004\070\004\101\004\107\004\070\004\101\004\073\004\065\004\075\004\070\004\065\000\040\004\062\004\113\004\101\004\072\004\060\004\067\004\113\004\062\004\060\004\075\004\070\004\071}{chapter.1}% 15
\BOOKMARK [2][-]{subsection.1.3.1}{\376\377\004\037\004\065\004\100\004\065\004\105\004\076\004\064\000\040\004\076\004\102\000\040\004\072\004\073\004\060\004\101\004\101\004\070\004\107\004\065\004\101\004\072\004\076\004\071\000\040\004\073\004\076\004\063\004\070\004\072\004\070\000\040\004\072\000\040\004\070\004\075\004\102\004\103\004\070\004\106\004\070\004\076\004\075\004\070\004\101\004\102\004\101\004\072\004\076\004\071}{section.1.3}% 16
\BOOKMARK [2][-]{subsection.1.3.2}{\376\377\004\030\004\075\004\102\004\065\004\100\004\077\004\100\004\065\004\102\004\060\004\106\004\070\004\117\000\040\004\021\004\100\004\060\004\103\004\115\004\100\004\060\040\024\004\023\004\065\004\071\004\102\004\070\004\075\004\063\004\060\040\024\004\032\004\076\004\073\004\074\004\076\004\063\004\076\004\100\004\076\004\062\004\060}{section.1.3}% 17
\BOOKMARK [2][-]{subsection.1.3.3}{\376\377\004\030\004\075\004\102\004\103\004\070\004\106\004\070\004\076\004\075\004\070\004\101\004\102\004\101\004\072\004\076\004\065\000\040\004\070\004\101\004\107\004\070\004\101\004\073\004\065\004\075\004\070\004\065\000\040\004\062\004\113\004\101\004\072\004\060\004\067\004\113\004\062\004\060\004\075\004\070\004\071}{section.1.3}% 18
\BOOKMARK [2][-]{subsection.1.3.4}{\376\377\004\020\004\072\004\101\004\070\004\076\004\074\004\060\004\102\004\070\004\072\004\060\000\040\004\030\004\030\004\022}{section.1.3}% 19
\BOOKMARK [2][-]{subsection.1.3.5}{\376\377\004\037\004\100\004\060\004\062\004\070\004\073\004\076\000\040\004\062\004\113\004\062\004\076\004\064\004\060\000\040\004\030\004\030\004\022}{section.1.3}% 20
\BOOKMARK [2][-]{subsection.1.3.6}{\376\377\004\041\004\062\004\117\004\067\004\114\000\040\004\030\004\030\004\022\000\040\004\070\000\040\004\032\004\030\004\022}{section.1.3}% 21
\BOOKMARK [1][-]{section.1.4}{\376\377\004\041\004\065\004\074\004\060\004\075\004\102\004\070\004\072\004\060\000\040\004\070\004\075\004\102\004\103\004\070\004\106\004\070\004\076\004\075\004\070\004\101\004\102\004\101\004\072\004\076\004\071\000\040\004\073\004\076\004\063\004\070\004\072\004\070}{chapter.1}% 22
\BOOKMARK [2][-]{subsection.1.4.1}{\376\377\004\036\004\101\004\075\004\076\004\062\004\075\004\113\004\065\000\040\004\077\004\076\004\075\004\117\004\102\004\070\004\117\000\040\004\102\004\076\004\077\004\076\004\073\004\076\004\063\004\070\004\070}{section.1.4}% 23
\BOOKMARK [2][-]{subsection.1.4.2}{\376\377\004\042\004\076\004\077\004\076\004\073\004\076\004\063\004\070\004\107\004\065\004\101\004\072\004\070\004\065\000\040\004\077\004\100\004\076\004\101\004\102\004\100\004\060\004\075\004\101\004\102\004\062\004\060\000\040\004\072\004\060\004\072\000\040\004\074\004\076\004\064\004\065\004\073\004\070\000\040\004\030\004\030\004\022}{section.1.4}% 24
\BOOKMARK [2][-]{subsection.1.4.3}{\376\377\004\035\004\065\004\076\004\061\004\111\004\065\004\067\004\075\004\060\004\107\004\070\004\074\004\076\004\101\004\102\004\114\000\040\004\072\004\073\004\060\004\101\004\101\004\070\004\107\004\065\004\101\004\072\004\070\004\105\000\040\004\077\004\100\004\070\004\075\004\106\004\070\004\077\004\076\004\062}{section.1.4}% 25
\BOOKMARK [0][-]{chapter.2}{\376\377\004\042\004\065\004\076\004\100\004\070\004\070\000\040\004\077\004\065\004\062\004\076\004\063\004\076\000\040\004\077\004\076\004\100\004\117\004\064\004\072\004\060}{}% 26
\BOOKMARK [1][-]{section.2.1}{\376\377\004\041\004\062\004\076\004\061\004\076\004\064\004\075\004\113\004\065\000\040\004\062\004\105\004\076\004\066\004\064\004\065\004\075\004\070\004\117}{chapter.2}% 27
\BOOKMARK [1][-]{section.2.2}{\376\377\004\034\004\060\004\110\004\070\004\075\004\060\000\040\004\042\004\114\004\116\004\100\004\070\004\075\004\063\004\060}{chapter.2}% 28
\BOOKMARK [1][-]{section.2.3}{\376\377\004\020\004\100\004\070\004\104\004\074\004\065\004\102\004\070\004\072\004\060\000\040\004\037\004\065\004\060\004\075\004\076}{chapter.2}% 29
\BOOKMARK [1][-]{section.2.4}{\376\377\004\044\004\076\004\100\004\074\004\060\004\073\004\114\004\075\004\060\004\117\000\040\004\060\004\100\004\070\004\104\004\074\004\065\004\102\004\070\004\072\004\060}{chapter.2}% 30
\BOOKMARK [1][-]{section.2.5}{\376\377\004\020\004\100\004\070\004\104\004\074\004\065\004\102\004\070\004\067\004\060\004\106\004\070\004\117\000\040\004\073\004\076\004\063\004\070\004\072\004\070}{chapter.2}% 31
\BOOKMARK [1][-]{section.2.6}{\376\377\004\027\004\060\004\064\004\060\004\107\004\075\004\070\004\072\000\040\004\072\000\040\004\063\004\073\004\060\004\062\004\065}{chapter.2}% 32
\BOOKMARK [0][-]{chapter.3}{\376\377\004\030\004\101\004\107\004\070\004\101\004\073\004\065\004\075\004\070\004\065\000\040\004\077\004\100\004\065\004\064\004\070\004\072\004\060\004\102\004\076\004\062}{}% 33
\BOOKMARK [1][-]{section.3.1}{\376\377\004\032\004\060\004\102\004\065\004\063\004\076\004\100\004\070\004\107\004\065\004\101\004\101\004\072\004\070\004\065\000\040\004\101\004\070\004\073\004\073\004\076\004\063\004\070\004\067\004\074\004\113}{chapter.3}% 34
\BOOKMARK [1][-]{section.3.2}{\376\377\004\036\004\106\004\065\004\075\004\072\004\060}{chapter.3}% 35
\BOOKMARK [1][-]{section.3.3}{\376\377\004\102\004\065\004\076\004\100\004\065\004\074\004\113\000\040\004\023\004\121\004\064\004\065\004\073\004\117}{chapter.3}% 36
\BOOKMARK [1][-]{section.3.4}{\376\377\004\042\004\065\004\076\004\100\004\065\004\074\004\060\000\040\004\042\004\060\004\100\004\101\004\072\004\076\004\063\004\076}{chapter.3}% 37
\BOOKMARK [1][-]{section.3.5}{\376\377\004\027\004\060\004\064\004\060\004\107\004\075\004\070\004\072\000\040\004\072\000\040\004\063\004\073\004\060\004\062\004\065}{chapter.3}% 38
\BOOKMARK [0][-]{chapter.4}{\376\377\004\042\004\065\004\076\004\100\004\070\004\117\000\040\004\074\004\075\004\076\004\066\004\065\004\101\004\102\004\062}{}% 39
\BOOKMARK [0][-]{chapter*.2}{\376\377\004\023\004\073\004\060\004\062\004\060\000\040\0007\000\040\004\077\004\076\004\072\004\100\004\113\004\062\004\060\004\065\004\102\000\040\004\072\004\103\004\100\004\101\000\040\004\040\000.\004\037\004\076\004\077\004\072\004\076\004\062\004\060\000\040\000"\004\034\004\065\004\066\004\064\004\103\000\040\004\060\004\073\004\063\004\065\004\061\004\100\004\076\004\071\000\040\004\070\000\040\004\073\004\076\004\063\004\070\004\072\004\076\004\071\000"}{}% 40
\BOOKMARK [0][-]{chapter.5}{\376\377\004\042\004\065\004\076\004\100\004\070\004\117\000\040\004\074\004\076\004\064\004\065\004\073\004\065\004\071}{}% 41
\BOOKMARK [1][-]{section.5.1}{\376\377\004\036\004\101\004\075\004\076\004\062\004\113\000\040\004\102\004\065\004\076\004\100\004\070\004\070\000\040\004\074\004\076\004\064\004\065\004\073\004\065\004\071}{chapter.5}% 42
\BOOKMARK [2][-]{subsection.5.1.1}{\376\377\004\057\004\067\004\113\004\072\000\040\000\050\004\041\004\070\004\063\004\075\004\060\004\102\004\103\004\100\004\060\000\051}{section.5.1}% 43
\BOOKMARK [2][-]{subsection.5.1.2}{\376\377\000L\000-\004\101\004\102\004\100\004\103\004\072\004\102\004\103\004\100\004\113}{section.5.1}% 44
\BOOKMARK [2][-]{subsection.5.1.3}{\376\377\004\037\004\100\004\070\004\074\004\065\004\100\004\113}{section.5.1}% 45
\BOOKMARK [2][-]{subsection.5.1.4}{\376\377\004\036\004\077\004\065\004\100\004\060\004\106\004\070\004\070\000\040\004\075\004\060\004\064\000\040\004\117\004\067\004\113\004\072\004\060\004\074\004\070\000\040\004\070\000\040\004\074\004\076\004\111\004\075\004\076\004\101\004\102\004\117\004\074\004\070}{section.5.1}% 46
\BOOKMARK [2][-]{subsection.5.1.5}{\376\377\004\037\004\100\004\070\004\074\004\065\004\100\000\040\004\077\004\100\004\076\004\070\004\067\004\062\004\076\004\073\004\114\004\075\004\076\004\071\000\040\004\101\004\102\004\100\004\103\004\072\004\102\004\103\004\100\004\113}{section.5.1}% 47
\BOOKMARK [2][-]{subsection.5.1.6}{\376\377\004\022\004\073\004\076\004\066\004\065\004\075\004\070\004\117}{section.5.1}% 48
\BOOKMARK [2][-]{subsection.5.1.7}{\376\377\004\042\004\065\004\100\004\074\004\113}{section.5.1}% 49
\BOOKMARK [2][-]{subsection.5.1.8}{\376\377\004\030\004\075\004\102\004\065\004\100\004\077\004\100\004\065\004\102\004\060\004\106\004\070\004\117\000\040\004\102\004\065\004\100\004\074\004\076\004\062}{section.5.1}% 50
\BOOKMARK [2][-]{subsection.5.1.9}{\376\377\004\030\004\101\004\102\004\070\004\075\004\075\004\076\004\101\004\102\004\114\000\040\004\104\004\076\004\100\004\074\004\103\004\073\000\040\004\062\000\040\004\101\004\102\004\100\004\103\004\072\004\102\004\103\004\100\004\065}{section.5.1}% 51
\BOOKMARK [2][-]{subsection.5.1.10}{\376\377\000\040\004\041\004\070\004\075\004\102\004\060\004\072\004\101\004\070\004\107\004\065\004\101\004\072\004\070\004\065\000\040\004\101\004\076\004\072\004\100\004\060\004\111\004\065\004\075\004\070\004\117}{section.5.1}% 52
\BOOKMARK [1][-]{section.5.2}{\376\377\004\036\004\077\004\100\004\065\004\064\004\065\004\073\004\070\004\074\004\113\004\065\000\040\004\074\004\075\004\076\004\066\004\065\004\101\004\102\004\062\004\060}{chapter.5}% 53
\BOOKMARK [2][-]{subsection.5.2.1}{\376\377\004\037\004\100\004\070\004\074\004\065\004\100\000:\000\040\004\072\004\076\004\075\004\065\004\107\004\075\004\113\004\071\000\040\004\077\004\076\004\100\004\117\004\064\004\076\004\072\000\040\004\115\004\073\004\065\004\074\004\065\004\075\004\102\004\060\000\040\004\063\004\100\004\103\004\077\004\077\004\113}{section.5.2}% 54
\BOOKMARK [2][-]{subsection.5.2.2}{\376\377\004\036\004\077\004\065\004\100\004\060\004\106\004\070\004\070\000\040\004\075\004\060\004\064\000\040\004\076\004\077\004\100\004\065\004\064\004\065\004\073\004\070\004\074\004\113\004\074\004\070\000\040\004\074\004\075\004\076\004\066\004\065\004\101\004\102\004\062\004\060\004\074\004\070}{section.5.2}% 55
\BOOKMARK [2][-]{subsection.5.2.3}{\376\377\004\036\004\077\004\100\004\065\004\064\004\065\004\073\004\070\004\074\004\113\004\065\000\040\004\104\004\103\004\075\004\072\004\106\004\070\004\070}{section.5.2}% 56
\BOOKMARK [2][-]{subsection.5.2.4}{\376\377\004\020\004\062\004\102\004\076\004\074\004\076\004\100\004\104\004\070\004\067\004\074\004\113\000,\000\040\004\077\004\060\004\100\004\060\004\074\004\065\004\102\004\100\004\113\000\040\004\070\000\040\004\076\004\077\004\100\004\065\004\064\004\065\004\073\004\070\004\074\004\113\004\065\000\040\004\074\004\075\004\076\004\066\004\065\004\101\004\102\004\062\004\060}{section.5.2}% 57
\BOOKMARK [2][-]{subsection.5.2.5}{\376\377\004\036\004\063\004\100\004\060\004\075\004\070\004\107\004\065\004\075\004\075\004\076\004\101\004\102\004\114\000\040\004\074\004\065\004\102\004\076\004\064\004\060\000\040\004\060\004\062\004\102\004\076\004\074\004\076\004\100\004\104\004\070\004\067\004\074\004\076\004\062}{section.5.2}% 58
\BOOKMARK [2][-]{subsection.5.2.6}{\376\377\004\021\004\065\004\101\004\072\004\062\004\060\004\075\004\102\004\076\004\100\004\075\004\113\004\065\000,\000\040\004\115\004\072\004\067\004\070\004\101\004\102\004\065\004\075\004\106\004\070\004\060\004\073\004\114\004\075\004\113\004\065\000\040\004\070\000\040\004\103\004\075\004\070\004\062\004\065\004\100\004\101\004\060\004\073\004\114\004\075\004\113\004\065\000\040\004\104\004\076\004\100\004\074\004\103\004\073\004\113}{section.5.2}% 59
\BOOKMARK [2][-]{subsection.5.2.7}{\376\377\004\041\004\076\004\105\004\100\004\060\004\075\004\065\004\075\004\070\004\065\000\040\004\104\004\076\004\100\004\074\004\103\004\073\000\040\004\077\004\100\004\070\000\040\004\077\004\065\004\100\004\065\004\105\004\076\004\064\004\065\000\040\004\072\000\040\004\077\004\076\004\064\004\101\004\102\004\100\004\103\004\072\004\102\004\103\004\100\004\060\004\074}{section.5.2}% 60
\BOOKMARK [2][-]{subsection.5.2.8}{\376\377\004\042\004\065\004\076\004\100\004\070\004\070\000\040\004\101\004\102\004\100\004\103\004\072\004\102\004\103\004\100\000\040\004\070\000\040\004\064\004\065\004\064\004\103\004\072\004\102\004\070\004\062\004\075\004\060\004\117\000\040\004\067\004\060\004\074\004\072\004\075\004\103\004\102\004\076\004\101\004\102\004\114}{section.5.2}% 61
\BOOKMARK [2][-]{subsection.5.2.9}{\376\377\004\037\004\076\004\073\004\075\004\113\004\065\000\040\004\102\004\065\004\076\004\100\004\070\004\070}{section.5.2}% 62
\BOOKMARK [2][-]{subsection.5.2.10}{\376\377\004\030\004\101\004\102\004\070\004\075\004\075\004\060\004\117\000\040\004\060\004\100\004\070\004\104\004\074\004\065\004\102\004\070\004\072\004\060\000\040\004\070\000\040\004\060\004\100\004\070\004\104\004\074\004\065\004\102\004\070\004\072\004\060\000\040\004\037\004\065\004\060\004\075\004\076}{section.5.2}% 63
\BOOKMARK [1][-]{section.5.3}{\376\377\004\020\004\073\004\063\004\065\004\061\004\100\004\060\004\070\004\107\004\065\004\101\004\072\004\070\000\040\004\067\004\060\004\074\004\072\004\075\004\103\004\102\004\113\004\065\000\040\004\077\004\076\004\073\004\117\000\040\004\070\000\040\004\103\004\077\004\076\004\100\004\117\004\064\004\076\004\107\004\065\004\075\004\075\004\113\004\065\000\040\004\077\004\076\004\073\004\117}{chapter.5}% 64
\BOOKMARK [2][-]{subsection.5.3.1}{\376\377\004\020\004\073\004\063\004\065\004\061\004\100\004\060\004\070\004\107\004\065\004\101\004\072\004\070\000\040\004\067\004\060\004\074\004\072\004\075\004\103\004\102\004\113\004\065\000\040\004\077\004\076\004\073\004\117}{section.5.3}% 65
\BOOKMARK [2][-]{subsection.5.3.2}{\376\377\004\043\004\077\004\076\004\100\004\117\004\064\004\076\004\107\004\065\004\075\004\075\004\113\004\065\000\040\004\077\004\076\004\073\004\117}{section.5.3}% 66
\BOOKMARK [2][-]{subsection.5.3.3}{\376\377\004\037\004\076\004\073\004\075\004\113\004\065\000\040\004\103\004\077\004\076\004\100\004\117\004\064\004\076\004\107\004\065\004\075\004\075\004\113\004\065\000\040\004\077\004\076\004\073\004\117}{section.5.3}% 67
\BOOKMARK [2][-]{subsection.5.3.4}{\376\377\004\020\004\100\004\105\004\070\004\074\004\065\004\064\004\076\004\062\004\076\004\101\004\102\004\114}{section.5.3}% 68
\BOOKMARK [2][-]{subsection.5.3.5}{\376\377\004\025\004\064\004\070\004\075\004\101\004\102\004\062\004\065\004\075\004\075\004\076\004\101\004\102\004\114\000\040\004\077\004\076\004\073\004\075\004\076\004\063\004\076\000\040\004\103\004\077\004\076\004\100\004\117\004\064\004\076\004\107\004\065\004\075\004\075\004\076\004\063\004\076\000\040\004\077\004\076\004\073\004\117}{section.5.3}% 69
\BOOKMARK [2][-]{subsection.5.3.6}{\376\377\004\032\004\076\004\075\004\065\004\107\004\075\004\060\004\117\000\040\004\062\004\113\004\077\004\076\004\073\004\075\004\070\004\074\004\076\004\101\004\102\004\114}{section.5.3}% 70
\BOOKMARK [2][-]{subsection.5.3.7}{\376\377\004\020\004\073\004\063\004\065\004\061\004\100\004\060\004\070\004\107\004\065\004\101\004\072\004\070\004\065\000\040\004\067\004\060\004\074\004\113\004\072\004\060\004\075\004\070\004\117\000\040\004\077\004\076\004\073\004\065\004\071}{section.5.3}% 71
\BOOKMARK [1][-]{section.5.4}{\376\377\004\044\004\070\004\073\004\114\004\102\004\100\004\113}{chapter.5}% 72
\BOOKMARK [2][-]{subsection.5.4.1}{\376\377\004\030\004\064\004\065\004\117\000\040\004\104\004\070\004\073\004\114\004\102\004\100\004\060}{section.5.4}% 73
\BOOKMARK [2][-]{subsection.5.4.2}{\376\377\004\044\004\070\004\073\004\114\004\102\004\100\004\113\000\040\004\070\000\040\004\101\004\105\004\076\004\064\004\070\004\074\004\076\004\101\004\102\004\114\000\040\004\077\004\076\004\101\004\073\004\065\004\064\004\076\004\062\004\060\004\102\004\065\004\073\004\114\004\075\004\076\004\101\004\102\004\065\004\071}{section.5.4}% 74
\BOOKMARK [2][-]{subsection.5.4.3}{\376\377\004\037\004\100\004\070\004\074\004\065\004\100\004\113\000\040\004\104\004\070\004\073\004\114\004\102\004\100\004\076\004\062}{section.5.4}% 75
\BOOKMARK [2][-]{subsection.5.4.4}{\376\377\004\043\004\073\004\114\004\102\004\100\004\060\004\104\004\070\004\073\004\114\004\102\004\100\004\113}{section.5.4}% 76
\BOOKMARK [2][-]{subsection.5.4.5}{\376\377\004\034\004\060\004\072\004\101\004\070\004\074\004\060\004\073\004\114\004\075\004\113\004\065\000\040\004\104\004\070\004\073\004\114\004\102\004\100\004\113}{section.5.4}% 77
\BOOKMARK [1][-]{section.5.5}{\376\377\004\043\004\073\004\114\004\102\004\100\004\060\004\077\004\100\004\076\004\070\004\067\004\062\004\065\004\064\004\065\004\075\004\070\004\117}{chapter.5}% 78
\BOOKMARK [2][-]{subsection.5.5.1}{\376\377\004\030\004\064\004\065\004\117\000\040\004\103\004\073\004\114\004\102\004\100\004\060\004\077\004\100\004\076\004\070\004\067\004\062\004\065\004\064\004\065\004\075\004\070\004\117}{section.5.5}% 79
\BOOKMARK [2][-]{subsection.5.5.2}{\376\377\004\037\004\100\004\117\004\074\004\076\004\065\000\040\004\077\004\100\004\076\004\070\004\067\004\062\004\065\004\064\004\065\004\075\004\070\004\065\000\040\004\075\004\076\004\101\004\070\004\102\004\065\004\073\004\065\004\071}{section.5.5}% 80
\BOOKMARK [2][-]{subsection.5.5.3}{\376\377\004\036\004\102\004\075\004\076\004\110\004\065\004\075\004\070\004\065\000\040\004\115\004\072\004\062\004\070\004\062\004\060\004\073\004\065\004\075\004\102\004\075\004\076\004\101\004\102\004\070\000\040\004\077\004\076\000\040\004\103\004\073\004\114\004\102\004\100\004\060\004\104\004\070\004\073\004\114\004\102\004\100\004\103}{section.5.5}% 81
\BOOKMARK [2][-]{subsection.5.5.4}{\376\377\004\035\004\076\004\101\004\070\004\102\004\065\004\073\004\114\000\040\004\103\004\073\004\114\004\102\004\100\004\060\004\077\004\100\004\076\004\070\004\067\004\062\004\065\004\064\004\065\004\075\004\070\004\117}{section.5.5}% 82
\BOOKMARK [2][-]{subsection.5.5.5}{\376\377\004\030\004\075\004\102\004\065\004\100\004\077\004\100\004\065\004\102\004\060\004\106\004\070\004\117\000\040\004\072\004\076\004\075\004\101\004\102\004\060\004\075\004\102}{section.5.5}% 83
\BOOKMARK [2][-]{subsection.5.5.6}{\376\377\004\030\004\075\004\102\004\065\004\100\004\077\004\100\004\065\004\102\004\060\004\106\004\070\004\117\000\040\004\104\004\103\004\075\004\072\004\106\004\070\004\076\004\075\004\060\004\073\004\114\004\075\004\113\004\105\000\040\004\101\004\070\004\074\004\062\004\076\004\073\004\076\004\062\000\040\004\070\000\040\004\065\004\121\000\040\004\072\004\076\004\100\004\100\004\065\004\072\004\102\004\075\004\076\004\101\004\102\004\114}{section.5.5}% 84
\BOOKMARK [2][-]{subsection.5.5.7}{\376\377\004\030\004\075\004\102\004\065\004\100\004\077\004\100\004\065\004\102\004\060\004\106\004\070\004\117\000\040\004\077\004\100\004\065\004\064\004\070\004\072\004\060\004\102\004\075\004\113\004\105\000\040\004\101\004\070\004\074\004\062\004\076\004\073\004\076\004\062\000\040\004\070\000\040\004\065\004\121\000\040\004\072\004\076\004\100\004\100\004\065\004\072\004\102\004\075\004\076\004\101\004\102\004\114}{section.5.5}% 85
\BOOKMARK [2][-]{subsection.5.5.8}{\376\377\004\032\004\076\004\100\004\100\004\065\004\072\004\102\004\075\004\076\004\101\004\102\004\114\000\040\004\070\004\075\004\102\004\065\004\100\004\077\004\100\004\065\004\102\004\060\004\106\004\070\004\070\000\040\004\077\004\100\004\065\004\064\004\070\004\072\004\060\004\102\004\075\004\113\004\105\000\040\004\101\004\070\004\074\004\062\004\076\004\073\004\076\004\062}{section.5.5}% 86
\BOOKMARK [2][-]{subsection.5.5.9}{\376\377\004\030\004\102\004\076\004\063\004\076\004\062\004\076\004\065\000\040\004\076\004\077\004\100\004\065\004\064\004\065\004\073\004\065\004\075\004\070\004\065\000\040\004\103\004\073\004\114\004\102\004\100\004\060\004\077\004\100\004\076\004\070\004\067\004\062\004\065\004\064\004\065\004\075\004\070\004\117}{section.5.5}% 87
\BOOKMARK [2][-]{subsection.5.5.10}{\376\377\004\042\004\065\004\076\004\100\004\065\004\074\004\060\000\040\004\033\004\076\004\101\004\117}{section.5.5}% 88
\BOOKMARK [1][-]{section.5.6}{\376\377\004\032\004\076\004\074\004\077\004\060\004\072\004\102\004\075\004\076\004\101\004\102\004\114\000\040\004\070\000\040\004\075\004\065\004\101\004\102\004\060\004\075\004\064\004\060\004\100\004\102\004\075\004\113\004\065\000\040\004\074\004\076\004\064\004\065\004\073\004\070}{chapter.5}% 89
\BOOKMARK [2][-]{subsection.5.6.1}{\376\377\004\032\004\076\004\074\004\077\004\060\004\072\004\102\004\075\004\076\004\101\004\102\004\114\000\040\004\064\004\073\004\117\000\040\004\101\004\065\004\074\004\060\004\075\004\102\004\070\004\107\004\065\004\101\004\072\004\076\004\063\004\076\000\040\004\101\004\073\004\065\004\064\004\076\004\062\004\060\004\075\004\070\004\117}{section.5.6}% 90
\BOOKMARK [2][-]{subsection.5.6.2}{\376\377\004\035\004\065\004\101\004\102\004\060\004\075\004\064\004\060\004\100\004\102\004\075\004\113\004\065\000\040\004\074\004\076\004\064\004\065\004\073\004\070\000\040\004\070\004\101\004\102\004\070\004\075\004\075\004\076\004\071\000\040\004\060\004\100\004\070\004\104\004\074\004\065\004\102\004\070\004\072\004\070}{section.5.6}% 91
\BOOKMARK [2][-]{subsection.5.6.3}{\376\377\004\035\004\065\004\101\004\102\004\060\004\075\004\064\004\060\004\100\004\102\004\075\004\113\004\065\000\040\004\061\004\065\004\101\004\072\004\076\004\075\004\065\004\107\004\075\004\076\000\040\004\074\004\060\004\073\004\113\004\065\000\040\004\115\004\073\004\065\004\074\004\065\004\075\004\102\004\113}{section.5.6}% 92
\BOOKMARK [2][-]{subsection.5.6.4}{\376\377\004\055\004\073\004\065\004\074\004\065\004\075\004\102\004\060\004\100\004\075\004\076\000\040\004\115\004\072\004\062\004\070\004\062\004\060\004\073\004\065\004\075\004\102\004\075\004\113\004\065\000\040\004\075\004\065\004\070\004\067\004\076\004\074\004\076\004\100\004\104\004\075\004\113\004\065\000\040\004\074\004\076\004\064\004\065\004\073\004\070}{section.5.6}% 93
\BOOKMARK [2][-]{subsection.5.6.5}{\376\377\004\020\004\072\004\101\004\070\004\076\004\074\004\060\004\102\004\070\004\067\004\070\004\100\004\103\004\065\004\074\004\113\004\065\000\040\004\072\004\073\004\060\004\101\004\101\004\113\000\040\004\070\000\040\004\072\004\076\004\075\004\065\004\107\004\075\004\113\004\065\000\040\004\074\004\076\004\064\004\065\004\073\004\070}{section.5.6}% 94
\BOOKMARK [2][-]{subsection.5.6.6}{\376\377\004\037\004\100\004\070\004\074\004\065\004\100\004\113\000\040\004\060\004\072\004\101\004\070\004\076\004\074\004\060\004\102\004\070\004\067\004\070\004\100\004\103\004\065\004\074\004\113\004\105\000\040\004\072\004\073\004\060\004\101\004\101\004\076\004\062}{section.5.6}% 95
\BOOKMARK [2][-]{subsection.5.6.7}{\376\377\004\021\004\065\004\101\004\072\004\076\004\075\004\065\004\107\004\075\004\113\004\065\000\040\004\070\000\040\004\072\004\076\004\075\004\065\004\107\004\075\004\113\004\065\000\040\004\074\004\076\004\064\004\065\004\073\004\070}{section.5.6}% 96
\BOOKMARK [2][-]{subsection.5.6.8}{\376\377\004\032\004\076\004\074\004\077\004\060\004\072\004\102\004\075\004\076\004\101\004\102\004\075\004\060\004\117\000\040\004\073\004\065\004\074\004\074\004\060\000\040\004\076\000\040\004\061\004\076\004\073\004\114\004\110\004\070\004\105\000\040\004\072\004\076\004\075\004\065\004\107\004\075\004\113\004\105\000\040\004\074\004\076\004\064\004\065\004\073\004\117\004\105}{section.5.6}% 97
\BOOKMARK [2][-]{subsection.5.6.9}{\376\377\000n\000-\004\072\004\100\004\103\004\107\004\065\004\075\004\070\004\117\000\040\004\070\000\040\004\077\004\065\004\100\004\070\004\076\004\064\004\070\004\107\004\065\004\101\004\072\004\070\004\065\000\040\004\060\004\061\004\065\004\073\004\065\004\062\004\113\000\040\004\063\004\100\004\103\004\077\004\077\004\113}{section.5.6}% 98
\BOOKMARK [2][-]{subsection.5.6.10}{\376\377\004\032\004\076\004\075\004\065\004\107\004\075\004\060\004\117\000\040\004\060\004\072\004\101\004\070\004\076\004\074\004\060\004\102\004\070\004\067\004\070\004\100\004\103\004\065\004\074\004\076\004\101\004\102\004\114\000\040\004\070\000\040\004\064\004\076\004\077\004\076\004\073\004\075\004\065\004\075\004\070\004\117\000\040\004\072\004\073\004\060\004\101\004\101\004\076\004\062}{section.5.6}% 99
\BOOKMARK [1][-]{section.5.7}{\376\377\004\055\004\073\004\065\004\074\004\065\004\075\004\102\004\060\004\100\004\075\004\113\004\065\000\040\004\077\004\076\004\064\004\101\004\102\004\100\004\103\004\072\004\102\004\103\004\100\004\113\000\040\004\070\000\040\004\064\004\070\004\060\004\063\004\100\004\060\004\074\004\074\004\113}{chapter.5}% 100
\BOOKMARK [2][-]{subsection.5.7.1}{\376\377\004\055\004\073\004\065\004\074\004\065\004\075\004\102\004\060\004\100\004\075\004\113\004\065\000\040\004\077\004\076\004\064\004\101\004\102\004\100\004\103\004\072\004\102\004\103\004\100\004\113}{section.5.7}% 101
\BOOKMARK [2][-]{subsection.5.7.2}{\376\377\004\055\004\073\004\065\004\074\004\065\004\075\004\102\004\060\004\100\004\075\004\113\004\065\000\040\004\062\004\073\004\076\004\066\004\065\004\075\004\070\004\117}{section.5.7}% 102
\BOOKMARK [2][-]{subsection.5.7.3}{\376\377\004\024\004\070\004\060\004\063\004\100\004\060\004\074\004\074\004\113}{section.5.7}% 103
\BOOKMARK [2][-]{subsection.5.7.4}{\376\377\004\020\004\102\004\076\004\074\004\060\004\100\004\075\004\060\004\117\000\040\004\064\004\070\004\060\004\063\004\100\004\060\004\074\004\074\004\060}{section.5.7}% 104
\BOOKMARK [2][-]{subsection.5.7.5}{\376\377\004\042\004\065\004\076\004\100\004\065\004\074\004\060\000\040\004\033\004\121\004\062\004\065\004\075\004\063\004\065\004\071\004\074\004\060\040\023\004\041\004\072\004\076\004\073\004\065\004\074\004\060\000\040\004\076\000\040\004\077\004\076\004\064\004\112\004\121\004\074\004\065}{section.5.7}% 105
\BOOKMARK [2][-]{subsection.5.7.6}{\376\377\004\035\004\065\004\101\004\102\004\060\004\075\004\064\004\060\004\100\004\102\004\075\004\113\004\065\000\040\004\075\004\060\004\102\004\103\004\100\004\060\004\073\004\114\004\075\004\113\004\065\000\040\004\107\004\070\004\101\004\073\004\060\000\040\004\070\000\040\004\077\004\100\004\076\004\101\004\102\004\113\004\065\000\040\004\115\004\073\004\065\004\074\004\065\004\075\004\102\004\113}{section.5.7}% 106
\BOOKMARK [2][-]{subsection.5.7.7}{\376\377\004\055\004\073\004\065\004\074\004\065\004\075\004\102\000\040\004\101\000\040\004\061\004\065\004\101\004\072\004\076\004\075\004\065\004\107\004\075\004\076\000\040\004\074\004\075\004\076\004\063\004\070\004\074\004\070\000\040\004\077\004\100\004\076\004\101\004\102\004\113\004\074\004\070\000\040\004\064\004\065\004\073\004\070\004\102\004\065\004\073\004\117\004\074\004\070}{section.5.7}% 107
\BOOKMARK [2][-]{subsection.5.7.8}{\376\377\004\035\004\065\004\101\004\102\004\060\004\075\004\064\004\060\004\100\004\102\004\075\004\060\004\117\000\040\004\077\004\060\004\100\004\060\000\040\004\077\004\100\004\076\004\101\004\102\004\113\004\105\000\040\004\061\004\073\004\070\004\067\004\075\004\065\004\106\004\076\004\062}{section.5.7}% 108
\BOOKMARK [1][-]{section.5.8}{\376\377\004\032\004\060\004\102\004\065\004\063\004\076\004\100\004\070\004\107\004\075\004\076\004\101\004\102\004\114}{chapter.5}% 109
\BOOKMARK [2][-]{subsection.5.8.1}{\376\377\004\032\004\060\004\102\004\065\004\063\004\076\004\100\004\070\004\107\004\075\004\076\004\101\004\102\004\114\000\040\004\070\000\040\004\032\000-\004\072\004\060\004\102\004\065\004\063\004\076\004\100\004\070\004\107\004\075\004\076\004\101\004\102\004\114\000\040\004\102\004\065\004\076\004\100\004\070\004\070}{section.5.8}% 110
\BOOKMARK [2][-]{subsection.5.8.2}{\376\377\004\021\004\065\004\101\004\072\004\076\004\075\004\065\004\107\004\075\004\076\004\074\004\065\004\100\004\075\004\113\004\065\000\040\004\062\004\065\004\072\004\102\004\076\004\100\004\075\004\113\004\065\000\040\004\077\004\100\004\076\004\101\004\102\004\100\004\060\004\075\004\101\004\102\004\062\004\060}{section.5.8}% 111
\BOOKMARK [2][-]{subsection.5.8.3}{\376\377\004\032\004\060\004\102\004\065\004\063\004\076\004\100\004\070\004\107\004\075\004\076\004\101\004\102\004\114\000\040\004\061\004\065\004\101\004\072\004\076\004\075\004\065\004\107\004\075\004\076\004\074\004\065\004\100\004\075\004\113\004\105\000\040\004\062\004\065\004\072\004\102\004\076\004\100\004\075\004\113\004\105\000\040\004\077\004\100\004\076\004\101\004\102\004\100\004\060\004\075\004\101\004\102\004\062}{section.5.8}% 112
\BOOKMARK [1][-]{section.5.9}{\376\377\004\030\004\101\004\072\004\073\004\116\004\107\004\065\004\075\004\070\004\065\000\040\004\072\004\062\004\060\004\075\004\102\004\076\004\100\004\076\004\062}{chapter.5}% 113
\BOOKMARK [1][-]{section.5.10}{\376\377\004\035\004\060\004\101\004\113\004\111\004\065\004\075\004\075\004\113\004\065\000\040\004\074\004\076\004\064\004\065\004\073\004\070}{chapter.5}% 114
\BOOKMARK [1][-]{section.5.11}{\376\377\004\043\004\101\004\102\004\076\004\071\004\107\004\070\004\062\004\076\004\101\004\102\004\114}{chapter.5}% 115
\BOOKMARK [1][-]{section.5.12}{\376\377\004\027\004\060\004\064\004\060\004\107\004\075\004\070\004\072\000\040\004\077\004\076\000\040\004\102\004\065\004\076\004\100\004\070\004\070\000\040\004\074\004\076\004\064\004\065\004\073\004\065\004\071}{chapter.5}% 116
\BOOKMARK [2][-]{subsection.5.12.1}{\376\377\004\021\004\073\004\076\004\072\000\040\0001\000.\000\040\004\036\004\101\004\075\004\076\004\062\004\113\000\040\004\102\004\065\004\076\004\100\004\070\004\070\000\040\004\074\004\076\004\064\004\065\004\073\004\065\004\071}{section.5.12}% 117
\BOOKMARK [0][-]{chapter*.3}{\376\377\004\023\004\073\004\060\004\062\004\060\000\040\0008\000\040\004\077\004\076\004\072\004\100\004\113\004\062\004\060\004\065\004\102\000\040\004\072\004\103\004\100\004\101\000\040\004\020\000.\004\041\004\102\004\060\004\075\004\072\004\065\004\062\004\070\004\107\004\060\000\040\000"\004\024\004\070\004\101\004\072\004\100\004\065\004\102\004\075\004\060\004\117\000\040\004\074\004\060\004\102\004\065\004\074\004\060\004\102\004\070\004\072\004\060\000\040\000s\0004\000\040\004\062\004\102\004\076\004\100\004\060\004\117\000\040\004\077\004\076\004\073\004\076\004\062\004\070\004\075\004\060\000"}{}% 118
\BOOKMARK [0][-]{chapter.6}{\376\377\004\042\004\065\004\076\004\100\004\070\004\117\000\040\004\062\004\113\004\107\004\070\004\101\004\073\004\070\004\074\004\076\004\101\004\102\004\070}{}% 119
\BOOKMARK [1][-]{section.6.1}{\376\377\004\037\004\076\004\075\004\117\004\102\004\070\004\065\000\040\004\060\004\073\004\063\004\076\004\100\004\070\004\102\004\074\004\060}{chapter.6}% 120
\BOOKMARK [1][-]{section.6.2}{\376\377\004\047\004\060\004\101\004\102\004\070\004\107\004\075\004\076\000-\004\100\004\065\004\072\004\103\004\100\004\101\004\070\004\062\004\075\004\113\004\065\000\040\004\104\004\103\004\075\004\072\004\106\004\070\004\070}{chapter.6}% 121
\BOOKMARK [1][-]{section.6.3}{\376\377\004\034\004\060\004\110\004\070\004\075\004\113\000\040\004\042\004\114\004\116\004\100\004\070\004\075\004\063\004\060}{chapter.6}% 122
\BOOKMARK [1][-]{section.6.4}{\376\377\000l\000a\000m\000b\000d\000a\000-\004\070\004\101\004\107\004\070\004\101\004\073\004\065\004\075\004\070\004\065}{chapter.6}% 123
\BOOKMARK [1][-]{section.6.5}{\376\377\004\042\004\065\004\067\004\070\004\101\000\040\004\047\004\065\004\100\004\107\004\060\040\023\004\042\004\114\004\116\004\100\004\070\004\075\004\063\004\060}{chapter.6}% 124
\BOOKMARK [1][-]{section.6.6}{\376\377\004\040\004\060\004\067\004\100\004\065\004\110\004\070\004\074\004\113\004\065\000\040\004\074\004\075\004\076\004\066\004\065\004\101\004\102\004\062\004\060}{chapter.6}% 125
\BOOKMARK [1][-]{section.6.7}{\376\377\004\037\004\065\004\100\004\065\004\107\004\070\004\101\004\073\004\070\004\074\004\113\004\065\000\040\004\074\004\075\004\076\004\066\004\065\004\101\004\102\004\062\004\060}{chapter.6}% 126
\BOOKMARK [1][-]{section.6.8}{\376\377\004\035\004\065\004\100\004\060\004\067\004\100\004\065\004\110\004\070\004\074\004\113\004\065\000\040\004\067\004\060\004\064\004\060\004\107\004\070}{chapter.6}% 127
\BOOKMARK [1][-]{section.6.9}{\376\377\004\042\004\065\004\076\004\100\004\065\004\074\004\060\000\040\004\040\004\060\004\071\004\101\004\060}{chapter.6}% 128
\BOOKMARK [1][-]{section.6.10}{\376\377\004\020\004\100\004\070\004\104\004\074\004\065\004\102\004\070\004\107\004\065\004\101\004\072\004\060\004\117\000\040\004\070\004\065\004\100\004\060\004\100\004\105\004\070\004\117}{chapter.6}% 129
\BOOKMARK [1][-]{section.6.11}{\376\377\004\027\004\060\004\064\004\060\004\107\004\075\004\070\004\072\000\040\004\072\000\040\004\063\004\073\004\060\004\062\004\065}{chapter.6}% 130
\BOOKMARK [0][-]{chapter*.4}{\376\377\004\023\004\073\004\060\004\062\004\060\000\040\0009\000\040\004\077\004\076\004\072\004\100\004\113\004\062\004\060\004\065\004\102\000\040\004\072\004\103\004\100\004\101\000\040\004\024\000.\004\050\004\102\004\103\004\072\004\065\004\075\004\061\004\065\004\100\004\063\004\060\000\040\000"\004\042\004\065\004\076\004\100\004\070\004\117\000\040\004\102\004\070\004\077\004\076\004\062\000"}{}% 131
\BOOKMARK [0][-]{chapter.7}{\376\377\004\042\004\065\004\076\004\100\004\070\004\117\000\040\004\102\004\070\004\077\004\076\004\062}{}% 132
\BOOKMARK [1][-]{section.7.1}{\376\377\004\037\004\100\004\076\004\101\004\102\004\060\004\117\000\040\004\102\004\065\004\076\004\100\004\070\004\117\000\040\004\102\004\070\004\077\004\076\004\062}{chapter.7}% 133
\BOOKMARK [1][-]{section.7.2}{\376\377\004\042\004\070\004\077\004\070\004\067\004\070\004\100\004\076\004\062\004\060\004\075\004\075\004\076\004\065\000\040\000l\000a\000m\000b\000d\000a\000-\004\070\004\101\004\107\004\070\004\101\004\073\004\065\004\075\004\070\004\065}{chapter.7}% 134
\BOOKMARK [1][-]{section.7.3}{\376\377\004\041\004\070\004\101\004\102\004\065\004\074\004\060\000\040\000F}{chapter.7}% 135
\BOOKMARK [1][-]{section.7.4}{\376\377\004\027\004\060\004\062\004\070\004\101\004\070\004\074\004\113\004\065\000\040\004\102\004\070\004\077\004\113}{chapter.7}% 136
\BOOKMARK [1][-]{section.7.5}{\376\377\004\030\004\067\004\076\004\074\004\076\004\100\004\104\004\070\004\067\004\074\000\040\004\032\004\060\004\100\004\100\004\070\040\023\004\045\004\076\004\062\004\060\004\100\004\064\004\060}{chapter.7}% 137
\BOOKMARK [1][-]{section.7.6}{\376\377\004\042\004\070\004\077\004\113\000\040\004\072\004\060\004\072\000\040\004\064\004\076\004\072\004\060\004\067\004\060\004\102\004\065\004\073\004\114\004\101\004\102\004\062\004\060}{chapter.7}% 138
\BOOKMARK [1][-]{section.7.7}{\376\377\004\032\004\076\004\075\004\101\004\102\004\100\004\103\004\072\004\102\004\070\004\062\004\075\004\113\004\065\000\040\004\076\004\101\004\075\004\076\004\062\004\060\004\075\004\070\004\117\000\040\004\074\004\060\004\102\004\065\004\074\004\060\004\102\004\070\004\072\004\070}{chapter.7}% 139
\BOOKMARK [1][-]{section.7.8}{\376\377\000C\000o\000q\000,\000\040\000A\000g\000d\000a\000\040\004\070\000\040\000L\000e\000a\000n}{chapter.7}% 140
\BOOKMARK [1][-]{section.7.9}{\376\377\004\027\004\060\004\064\004\060\004\107\004\075\004\070\004\072\000\040\004\072\000\040\004\063\004\073\004\060\004\062\004\065}{chapter.7}% 141
\BOOKMARK [0][-]{chapter.8}{\376\377\004\036\004\101\004\075\004\076\004\062\004\060\004\075\004\070\004\117\000\040\004\074\004\060\004\102\004\065\004\074\004\060\004\102\004\070\004\072\004\070}{}% 142
\BOOKMARK [1][-]{section.8.1}{\376\377\004\033\004\076\004\063\004\070\004\106\004\070\004\067\004\074}{chapter.8}% 143
\BOOKMARK [1][-]{section.8.2}{\376\377\004\044\004\076\004\100\004\074\004\060\004\073\004\070\004\067\004\074\000\040\004\023\004\070\004\073\004\114\004\061\004\065\004\100\004\102\004\060}{chapter.8}% 144
\BOOKMARK [1][-]{section.8.3}{\376\377\004\030\004\075\004\102\004\103\004\070\004\106\004\070\004\076\004\075\004\070\004\067\004\074\000\040\004\021\004\100\004\060\004\103\004\115\004\100\004\060}{chapter.8}% 145
\BOOKMARK [1][-]{section.8.4}{\376\377\004\042\004\065\004\076\004\100\004\065\004\102\004\070\004\072\004\076\000-\004\074\004\075\004\076\004\066\004\065\004\101\004\102\004\062\004\065\004\075\004\075\004\113\004\065\000\040\004\076\004\101\004\075\004\076\004\062\004\060\004\075\004\070\004\117}{chapter.8}% 146
\BOOKMARK [1][-]{section.8.5}{\376\377\004\032\004\060\004\102\004\065\004\063\004\076\004\100\004\070\004\060\004\073\004\114\004\075\004\113\004\065\000\040\004\076\004\101\004\075\004\076\004\062\004\060\004\075\004\070\004\117}{chapter.8}% 147
\BOOKMARK [1][-]{section.8.6}{\376\377\004\043\004\075\004\070\004\062\004\060\004\073\004\065\004\075\004\102\004\075\004\113\004\065\000\040\004\076\004\101\004\075\004\076\004\062\004\060\004\075\004\070\004\117}{chapter.8}% 148
\BOOKMARK [1][-]{section.8.7}{\376\377\004\027\004\060\004\064\004\060\004\107\004\075\004\070\004\072\000\040\004\072\000\040\004\063\004\073\004\060\004\062\004\065}{chapter.8}% 149
