\BOOKMARK [0][-]{chapter.1}{\376\377\004\020\004\073\004\063\004\065\004\061\004\100\004\060\004\070\004\107\004\065\004\101\004\072\004\070\004\065\000\040\004\101\004\102\004\100\004\103\004\072\004\102\004\103\004\100\004\113}{}% 1
\BOOKMARK [1][-]{section.1.1}{\376\377\004\023\004\100\004\103\004\077\004\077\004\076\004\070\004\064\004\113\000\040\004\070\000\040\004\063\004\100\004\103\004\077\004\077\004\113}{chapter.1}% 2
\BOOKMARK [1][-]{section.1.2}{\376\377\004\023\004\100\004\103\004\077\004\077\004\060\000\040\004\077\004\065\004\100\004\065\004\101\004\102\004\060\004\075\004\076\004\062\004\076\004\072}{chapter.1}% 3
\BOOKMARK [1][-]{section.1.3}{\376\377\004\032\004\073\004\060\004\101\004\101\004\113\000\040\004\115\004\072\004\062\004\070\004\062\004\060\004\073\004\065\004\075\004\102\004\075\004\076\004\101\004\102\004\070\000\040\004\070\000\040\004\104\004\060\004\072\004\102\004\076\004\100\004\063\004\100\004\103\004\077\004\077\004\113}{chapter.1}% 4
\BOOKMARK [0][-]{chapter.2}{\376\377\004\032\004\076\004\073\004\114\004\106\004\060\000\040\004\070\000\040\004\077\004\076\004\073\004\117}{}% 5
\BOOKMARK [1][-]{section.2.1}{\376\377\004\032\004\076\004\073\004\114\004\106\004\076\000\040\004\062\004\113\004\107\004\065\004\102\004\076\004\062}{chapter.2}% 6
\BOOKMARK [1][-]{section.2.2}{\376\377\004\037\004\076\004\073\004\065\000\040\004\072\004\076\004\074\004\077\004\073\004\065\004\072\004\101\004\075\004\113\004\105\000\040\004\107\004\070\004\101\004\065\004\073}{chapter.2}% 7
\BOOKMARK [0][-]{chapter.3}{\376\377\004\032\004\076\004\073\004\114\004\106\004\076\000\040\004\074\004\075\004\076\004\063\004\076\004\107\004\073\004\065\004\075\004\076\004\062}{}% 8
\BOOKMARK [0][-]{chapter.4}{\376\377\004\032\004\076\004\073\004\114\004\106\004\076\000\040\004\072\004\062\004\060\004\064\004\100\004\060\004\102\004\075\004\113\004\105\000\040\004\074\004\060\004\102\004\100\004\070\004\106}{}% 9
\BOOKMARK [1][-]{section.4.1}{\376\377\004\055\004\073\004\065\004\074\004\065\004\075\004\102\004\060\004\100\004\075\004\113\004\065\000\040\004\074\004\060\004\102\004\100\004\070\004\106\004\113}{chapter.4}% 10
\BOOKMARK [0][-]{chapter.5}{\376\377\004\025\004\062\004\072\004\073\004\070\004\064\004\076\004\062\004\113\000\040\004\072\004\076\004\073\004\114\004\106\004\060}{}% 11
\BOOKMARK [0][-]{chapter.6}{\376\377\004\030\004\064\004\065\004\060\004\073\004\113\000\040\004\070\000\040\004\104\004\060\004\072\004\102\004\076\004\100\004\072\004\076\004\073\004\114\004\106\004\060}{}% 12
\BOOKMARK [0][-]{chapter.7}{\376\377\004\036\004\077\004\100\004\065\004\064\004\065\004\073\004\070\004\102\004\065\004\073\004\114\000\040\004\070\000\040\004\065\004\063\004\076\000\040\004\077\004\100\004\070\004\073\004\076\004\066\004\065\004\075\004\070\004\117}{}% 13
\BOOKMARK [1][-]{section.7.1}{\376\377\004\041\004\070\004\101\004\102\004\065\004\074\004\113\000\040\004\073\004\070\004\075\004\065\004\071\004\075\004\113\004\105\000\040\004\103\004\100\004\060\004\062\004\075\004\065\004\075\004\070\004\071}{chapter.7}% 14
\BOOKMARK [0][-]{chapter.8}{\376\377\004\034\004\076\004\064\004\103\004\073\004\070\000\040\004\075\004\060\004\064\000\040\004\072\004\076\004\073\004\114\004\106\004\076\004\074}{}% 15
\BOOKMARK [0][-]{chapter.9}{\376\377\004\022\004\065\004\072\004\102\004\076\004\100\004\075\004\113\004\065\000\040\004\077\004\100\004\076\004\101\004\102\004\100\004\060\004\075\004\101\004\102\004\062\004\060}{}% 16
\BOOKMARK [0][-]{chapter.10}{\376\377\004\041\004\070\004\101\004\102\004\065\004\074\004\113\000\040\004\073\004\070\004\075\004\065\004\071\004\075\004\113\004\105\000\040\004\060\004\073\004\063\004\065\004\061\004\100\004\060\004\070\004\107\004\065\004\101\004\072\004\070\004\105\000\040\004\103\004\100\004\060\004\062\004\075\004\065\004\075\004\070\004\071}{}% 17
\BOOKMARK [0][-]{chapter.11}{\376\377\004\021\004\060\004\067\004\070\004\101\000\040\004\070\000\040\004\100\004\060\004\067\004\074\004\065\004\100\004\075\004\076\004\101\004\102\004\114\000\040\004\062\004\065\004\072\004\102\004\076\004\100\004\075\004\113\004\105\000\040\004\077\004\100\004\076\004\101\004\102\004\100\004\060\004\075\004\101\004\102\004\062}{}% 18
\BOOKMARK [0][-]{chapter.12}{\376\377\004\040\004\060\004\075\004\063\000\040\004\074\004\060\004\102\004\100\004\070\004\106\004\113}{}% 19
\BOOKMARK [0][-]{chapter.13}{\376\377\004\023\004\076\004\074\004\076\004\074\004\076\004\100\004\104\004\070\004\067\004\074\004\113\000\040\004\062\004\065\004\072\004\102\004\076\004\100\004\075\004\113\004\105\000\040\004\077\004\100\004\076\004\101\004\102\004\100\004\060\004\075\004\101\004\102\004\062}{}% 20
\BOOKMARK [0][-]{chapter.14}{\376\377\004\044\004\060\004\072\004\102\004\076\004\100\004\077\004\100\004\076\004\101\004\102\004\100\004\060\004\075\004\101\004\102\004\062\004\060\000\040\004\070\000\040\004\076\004\077\004\065\004\100\004\060\004\106\004\070\004\070\000\040\004\075\004\060\004\064\000\040\004\077\004\076\004\064\004\077\004\100\004\076\004\101\004\102\004\100\004\060\004\075\004\101\004\102\004\062\004\060\004\074\004\070}{}% 21
\BOOKMARK [0][-]{chapter.15}{\376\377\004\033\004\070\004\075\004\065\004\071\004\075\004\113\004\065\000\040\004\104\004\103\004\075\004\072\004\106\004\070\004\076\004\075\004\060\004\073\004\113}{}% 22
\BOOKMARK [1][-]{section.15.1}{\376\377\004\041\004\076\004\077\004\100\004\117\004\066\004\121\004\075\004\075\004\113\004\071\000\040\004\063\004\076\004\074\004\076\004\074\004\076\004\100\004\104\004\070\004\067\004\074}{chapter.15}% 23
\BOOKMARK [0][-]{chapter.16}{\376\377\004\042\004\065\004\075\004\067\004\076\004\100\004\113}{}% 24
\BOOKMARK [1][-]{section.16.1}{\376\377\004\041\004\070\004\074\004\074\004\065\004\102\004\100\004\070\004\107\004\065\004\101\004\072\004\070\004\065\000\040\004\070\000\040\004\072\004\076\004\101\004\076\004\101\004\070\004\074\004\074\004\065\004\102\004\100\004\070\004\107\004\065\004\101\004\072\004\070\004\065\000\040\004\102\004\065\004\075\004\067\004\076\004\100\004\113}{chapter.16}% 25
\BOOKMARK [0][-]{chapter*.1}{\376\377\004\037\004\100\004\070\004\074\004\065\004\100\004\113\000\040\004\063\004\100\004\103\004\077\004\077}{}% 26
\BOOKMARK [0][-]{appendix.A}{\376\377\004\040\004\065\004\064\004\060\004\072\004\102\004\076\004\100\004\101\004\072\004\070\004\065\000\040\004\077\004\076\004\074\004\065\004\102\004\072\004\070}{}% 27
